src/App.tsx(4,3): error TS6133: 'Brain' is declared but its value is never read.
src/App.tsx(21,1): error TS6133: 'Button' is declared but its value is never read.
src/App.tsx(186,5): error TS6133: 'audienceRoleOptions' is declared but its value is never read.
src/App.tsx(1118,7): error TS6133: 'revisionWebhookUrl' is declared but its value is never read.
src/App.tsx(1426,10): error TS6133: 'formAnswerCache' is declared but its value is never read.
src/App.tsx(1718,9): error TS6133: 'closeBrandRuleEdit' is declared but its value is never read.
src/App.tsx(3102,9): error TS6133: 'handleChannelsChange' is declared but its value is never read.
